12-17 16:21:57.658  9033  9056 I TestRunner: started: navigate_to_start_order_from_checkout(com.example.lunchtray.NavigationTests)
12-17 16:21:57.759  9033  9056 W Settings: Setting always_finish_activities has moved from android.provider.Settings.System to android.provider.Settings.Global, returning read-only value.
12-17 16:21:57.777   560   605 D EventSequenceValidator: Transition from ACTIVITY_FINISHED to INTENT_STARTED
12-17 16:21:57.784   412   412 I perfetto: ing_service_impl.cc:758 Configured tracing session 111, #sources:1, duration:5000 ms, #buffers:1, total buffer size:4096 KB, total sessions:1, uid:1071 session name: ""
12-17 16:21:57.785   410   410 I perfetto: probes_producer.cc:230  Ftrace setup (target_buf=111)
12-17 16:21:57.815   560   605 D EventSequenceValidator: Transition from INTENT_STARTED to ACTIVITY_LAUNCHED
12-17 16:21:57.815   560  1129 W InputReader: Device virtio_input_multi_touch_9 is associated with display ADISPLAY_ID_NONE.
12-17 16:21:57.816   560  1129 W InputReader: Device virtio_input_multi_touch_7 is associated with display ADISPLAY_ID_NONE.
12-17 16:21:57.816   560  1129 W InputReader: Device virtio_input_multi_touch_10 is associated with display ADISPLAY_ID_NONE.
12-17 16:21:57.816   560  1129 W InputReader: Device virtio_input_multi_touch_6 is associated with display ADISPLAY_ID_NONE.
12-17 16:21:57.816   560  1129 W InputReader: Device virtio_input_multi_touch_3 is associated with display ADISPLAY_ID_NONE.
12-17 16:21:57.816   560  1129 W InputReader: Device virtio_input_multi_touch_8 is associated with display ADISPLAY_ID_NONE.
12-17 16:21:57.816   560  1129 W InputReader: Device virtio_input_multi_touch_4 is associated with display ADISPLAY_ID_NONE.
12-17 16:21:57.816   560  1129 W InputReader: Device virtio_input_multi_touch_11 is associated with display ADISPLAY_ID_NONE.
12-17 16:21:57.816   560  1129 W InputReader: Device virtio_input_multi_touch_5 is associated with display ADISPLAY_ID_NONE.
12-17 16:21:57.816   560  1129 W InputReader: Device virtio_input_multi_touch_2 is associated with display ADISPLAY_ID_NONE.
12-17 16:21:57.816   410   410 I perfetto: ftrace_procfs.cc:176    enabled ftrace
12-17 16:21:57.816   560  1129 W InputReader: Device virtio_input_multi_touch_9 is associated with display ADISPLAY_ID_NONE.
12-17 16:21:57.816   560  1129 W InputReader: Device virtio_input_multi_touch_7 is associated with display ADISPLAY_ID_NONE.
12-17 16:21:57.816   560  1129 W InputReader: Device virtio_input_multi_touch_10 is associated with display ADISPLAY_ID_NONE.
12-17 16:21:57.816   560  1129 W InputReader: Device virtio_input_multi_touch_6 is associated with display ADISPLAY_ID_NONE.
12-17 16:21:57.816   560  1129 W InputReader: Device virtio_input_multi_touch_3 is associated with display ADISPLAY_ID_NONE.
12-17 16:21:57.816   560  1129 W InputReader: Device virtio_input_multi_touch_8 is associated with display ADISPLAY_ID_NONE.
12-17 16:21:57.816   560  1129 W InputReader: Device virtio_input_multi_touch_4 is associated with display ADISPLAY_ID_NONE.
12-17 16:21:57.816   560  1129 W InputReader: Device virtio_input_multi_touch_11 is associated with display ADISPLAY_ID_NONE.
12-17 16:21:57.817   560  1129 W InputReader: Device virtio_input_multi_touch_5 is associated with display ADISPLAY_ID_NONE.
12-17 16:21:57.817   560  1129 W InputReader: Device virtio_input_multi_touch_2 is associated with display ADISPLAY_ID_NONE.
12-17 16:21:57.893   319   319 D goldfish-address-space: claimShared: Ask to claim region [0x3f5cec000 0x3f6690000]
12-17 16:21:57.916  9033  9065 D libEGL  : loaded /vendor/lib/egl/libEGL_emulation.so
12-17 16:21:57.932  9033  9065 D libEGL  : loaded /vendor/lib/egl/libGLESv1_CM_emulation.so
12-17 16:21:57.940  9033  9065 D libEGL  : loaded /vendor/lib/egl/libGLESv2_emulation.so
12-17 16:21:57.943  9033  9033 D LifecycleMonitor: Lifecycle status change: androidx.test.core.app.InstrumentationActivityInvoker$BootstrapActivity@7d57925 in: PRE_ON_CREATE
12-17 16:21:57.944  9033  9033 V ActivityScenario: Activity lifecycle changed event received but ignored because the intent does not match. startActivityIntent=Intent { act=android.intent.action.MAIN cat=[android.intent.category.LAUNCHER] cmp=com.example.lunchtray/androidx.fragment.app.testing.FragmentScenario$EmptyFragmentActivity (has extras) }, activity.getIntent()=Intent { act=android.intent.action.MAIN cat=[android.intent.category.LAUNCHER] flg=0x10008000 cmp=com.example.lunchtray/androidx.test.core.app.InstrumentationActivityInvoker$BootstrapActivity (has extras) }, activity=androidx.test.core.app.InstrumentationActivityInvoker$BootstrapActivity@7d57925
12-17 16:21:57.983  9033  9033 D LifecycleMonitor: Lifecycle status change: androidx.test.core.app.InstrumentationActivityInvoker$BootstrapActivity@7d57925 in: CREATED
12-17 16:21:57.983  9033  9033 V ActivityScenario: Activity lifecycle changed event received but ignored because the intent does not match. startActivityIntent=Intent { act=android.intent.action.MAIN cat=[android.intent.category.LAUNCHER] cmp=com.example.lunchtray/androidx.fragment.app.testing.FragmentScenario$EmptyFragmentActivity (has extras) }, activity.getIntent()=Intent { act=android.intent.action.MAIN cat=[android.intent.category.LAUNCHER] flg=0x10008000 cmp=com.example.lunchtray/androidx.test.core.app.InstrumentationActivityInvoker$BootstrapActivity (has extras) }, activity=androidx.test.core.app.InstrumentationActivityInvoker$BootstrapActivity@7d57925
12-17 16:21:57.989  9033  9033 D LifecycleMonitor: Lifecycle status change: androidx.test.core.app.InstrumentationActivityInvoker$BootstrapActivity@7d57925 in: STARTED
12-17 16:21:57.989  9033  9033 V ActivityScenario: Activity lifecycle changed event received but ignored because the intent does not match. startActivityIntent=Intent { act=android.intent.action.MAIN cat=[android.intent.category.LAUNCHER] cmp=com.example.lunchtray/androidx.fragment.app.testing.FragmentScenario$EmptyFragmentActivity (has extras) }, activity.getIntent()=Intent { act=android.intent.action.MAIN cat=[android.intent.category.LAUNCHER] flg=0x10008000 cmp=com.example.lunchtray/androidx.test.core.app.InstrumentationActivityInvoker$BootstrapActivity (has extras) }, activity=androidx.test.core.app.InstrumentationActivityInvoker$BootstrapActivity@7d57925
12-17 16:21:58.007  9033  9033 D LifecycleMonitor: Lifecycle status change: androidx.test.core.app.InstrumentationActivityInvoker$BootstrapActivity@7d57925 in: RESUMED
12-17 16:21:58.008  9033  9033 V ActivityScenario: Activity lifecycle changed event received but ignored because the intent does not match. startActivityIntent=Intent { act=android.intent.action.MAIN cat=[android.intent.category.LAUNCHER] cmp=com.example.lunchtray/androidx.fragment.app.testing.FragmentScenario$EmptyFragmentActivity (has extras) }, activity.getIntent()=Intent { act=android.intent.action.MAIN cat=[android.intent.category.LAUNCHER] flg=0x10008000 cmp=com.example.lunchtray/androidx.test.core.app.InstrumentationActivityInvoker$BootstrapActivity (has extras) }, activity=androidx.test.core.app.InstrumentationActivityInvoker$BootstrapActivity@7d57925
12-17 16:21:58.014  9033  9033 D LifecycleMonitor: Lifecycle status change: androidx.test.core.app.InstrumentationActivityInvoker$BootstrapActivity@7d57925 in: PAUSED
12-17 16:21:58.015  9033  9033 V ActivityScenario: Activity lifecycle changed event received but ignored because the intent does not match. startActivityIntent=Intent { act=android.intent.action.MAIN cat=[android.intent.category.LAUNCHER] cmp=com.example.lunchtray/androidx.fragment.app.testing.FragmentScenario$EmptyFragmentActivity (has extras) }, activity.getIntent()=Intent { act=android.intent.action.MAIN cat=[android.intent.category.LAUNCHER] flg=0x10008000 cmp=com.example.lunchtray/androidx.test.core.app.InstrumentationActivityInvoker$BootstrapActivity (has extras) }, activity=androidx.test.core.app.InstrumentationActivityInvoker$BootstrapActivity@7d57925
12-17 16:21:58.026   560  1890 W InputReader: Device virtio_input_multi_touch_9 is associated with display ADISPLAY_ID_NONE.
12-17 16:21:58.026   560  1890 W InputReader: Device virtio_input_multi_touch_7 is associated with display ADISPLAY_ID_NONE.
12-17 16:21:58.026   560  1890 W InputReader: Device virtio_input_multi_touch_10 is associated with display ADISPLAY_ID_NONE.
12-17 16:21:58.026   560  1890 W InputReader: Device virtio_input_multi_touch_6 is associated with display ADISPLAY_ID_NONE.
12-17 16:21:58.026   560  1890 W InputReader: Device virtio_input_multi_touch_3 is associated with display ADISPLAY_ID_NONE.
12-17 16:21:58.026   560  1890 W InputReader: Device virtio_input_multi_touch_8 is associated with display ADISPLAY_ID_NONE.
12-17 16:21:58.026   560  1890 W InputReader: Device virtio_input_multi_touch_4 is associated with display ADISPLAY_ID_NONE.
12-17 16:21:58.026   560  1890 W InputReader: Device virtio_input_multi_touch_11 is associated with display ADISPLAY_ID_NONE.
12-17 16:21:58.026   560  1890 W InputReader: Device virtio_input_multi_touch_5 is associated with display ADISPLAY_ID_NONE.
12-17 16:21:58.026   560  1890 W InputReader: Device virtio_input_multi_touch_2 is associated with display ADISPLAY_ID_NONE.
12-17 16:21:58.027   560  1890 W InputReader: Device virtio_input_multi_touch_9 is associated with display ADISPLAY_ID_NONE.
12-17 16:21:58.027   560  1890 W InputReader: Device virtio_input_multi_touch_7 is associated with display ADISPLAY_ID_NONE.
12-17 16:21:58.027   560  1890 W InputReader: Device virtio_input_multi_touch_10 is associated with display ADISPLAY_ID_NONE.
12-17 16:21:58.027   560  1890 W InputReader: Device virtio_input_multi_touch_6 is associated with display ADISPLAY_ID_NONE.
12-17 16:21:58.030   560  1890 W InputReader: Device virtio_input_multi_touch_3 is associated with display ADISPLAY_ID_NONE.
12-17 16:21:58.030   560  1890 W InputReader: Device virtio_input_multi_touch_8 is associated with display ADISPLAY_ID_NONE.
12-17 16:21:58.030   560  1890 W InputReader: Device virtio_input_multi_touch_4 is associated with display ADISPLAY_ID_NONE.
12-17 16:21:58.030   560  1890 W InputReader: Device virtio_input_multi_touch_11 is associated with display ADISPLAY_ID_NONE.
12-17 16:21:58.030   560  1890 W InputReader: Device virtio_input_multi_touch_5 is associated with display ADISPLAY_ID_NONE.
12-17 16:21:58.030   560  1890 W InputReader: Device virtio_input_multi_touch_2 is associated with display ADISPLAY_ID_NONE.
12-17 16:21:58.078   319   319 D goldfish-address-space: claimShared: Ask to claim region [0x3f4000000 0x3f49a4000]
12-17 16:21:58.120  9033  9033 D LifecycleMonitor: Lifecycle status change: androidx.fragment.app.testing.FragmentScenario$EmptyFragmentActivity@8047d7f in: PRE_ON_CREATE
12-17 16:21:58.120  9033  9033 V ActivityScenario: Activity lifecycle changed event received but ignored because the reported transition was not ON_CREATE while the last known transition was PRE_ON_CREATE
12-17 16:21:58.190  9033  9033 D LifecycleMonitor: Lifecycle status change: androidx.fragment.app.testing.FragmentScenario$EmptyFragmentActivity@8047d7f in: CREATED
12-17 16:21:58.190  9033  9033 V ActivityScenario: Update currentActivityStage to CREATED, currentActivity=androidx.fragment.app.testing.FragmentScenario$EmptyFragmentActivity@8047d7f
12-17 16:21:58.193  9033  9033 D LifecycleMonitor: Lifecycle status change: androidx.fragment.app.testing.FragmentScenario$EmptyFragmentActivity@8047d7f in: STARTED
12-17 16:21:58.194  9033  9033 V ActivityScenario: Update currentActivityStage to STARTED, currentActivity=androidx.fragment.app.testing.FragmentScenario$EmptyFragmentActivity@8047d7f
12-17 16:21:58.196  9033  9033 D LifecycleMonitor: Lifecycle status change: androidx.fragment.app.testing.FragmentScenario$EmptyFragmentActivity@8047d7f in: RESUMED
12-17 16:21:58.200  9033  9033 V ActivityScenario: Update currentActivityStage to RESUMED, currentActivity=androidx.fragment.app.testing.FragmentScenario$EmptyFragmentActivity@8047d7f
12-17 16:21:58.256  9033  9033 D LifecycleMonitor: Lifecycle status change: androidx.test.core.app.InstrumentationActivityInvoker$BootstrapActivity@7d57925 in: STOPPED
12-17 16:21:58.256  9033  9033 V ActivityScenario: Activity lifecycle changed event received but ignored because the intent does not match. startActivityIntent=Intent { act=android.intent.action.MAIN cat=[android.intent.category.LAUNCHER] cmp=com.example.lunchtray/androidx.fragment.app.testing.FragmentScenario$EmptyFragmentActivity (has extras) }, activity.getIntent()=Intent { act=android.intent.action.MAIN cat=[android.intent.category.LAUNCHER] flg=0x10008000 cmp=com.example.lunchtray/androidx.test.core.app.InstrumentationActivityInvoker$BootstrapActivity (has extras) }, activity=androidx.test.core.app.InstrumentationActivityInvoker$BootstrapActivity@7d57925
12-17 16:21:58.271  9033  9063 D HostConnection: HostConnection::get() New Host Connection established 0xecc63400, tid 9063
12-17 16:21:58.276  9033  9063 D HostConnection: HostComposition ext ANDROID_EMU_CHECKSUM_HELPER_v1 ANDROID_EMU_native_sync_v2 ANDROID_EMU_native_sync_v3 ANDROID_EMU_native_sync_v4 ANDROID_EMU_dma_v1 ANDROID_EMU_direct_mem ANDROID_EMU_host_composition_v1 ANDROID_EMU_host_composition_v2 ANDROID_EMU_vulkan ANDROID_EMU_deferred_vulkan_commands ANDROID_EMU_vulkan_null_optional_strings ANDROID_EMU_vulkan_create_resources_with_requirements ANDROID_EMU_YUV_Cache ANDROID_EMU_vulkan_ignored_handles ANDROID_EMU_has_shared_slots_host_memory_allocator ANDROID_EMU_vulkan_free_memory_sync ANDROID_EMU_vulkan_shader_float16_int8 ANDROID_EMU_vulkan_async_queue_submit ANDROID_EMU_sync_buffer_data ANDROID_EMU_read_color_buffer_dma GL_OES_vertex_array_object GL_KHR_texture_compression_astc_ldr ANDROID_EMU_host_side_tracing ANDROID_EMU_gles_max_version_2
12-17 16:21:58.277   175   175 I hwservicemanager: getTransport: Cannot find entry android.hardware.configstore@1.0::ISurfaceFlingerConfigs/default in either framework or device manifest.
12-17 16:21:58.284  9033  9063 W OpenGLRenderer: Failed to choose config with EGL_SWAP_BEHAVIOR_PRESERVED, retrying without...
12-17 16:21:58.300  9033  9063 D EGL_emulation: eglCreateContext: 0xecc64a50: maj 2 min 0 rcv 2
12-17 16:21:58.331  9033  9063 D EGL_emulation: eglMakeCurrent: 0xecc64a50: ver 2 0 (tinfo 0xecfb3bb0) (first time)
12-17 16:21:58.339   319   319 D goldfish-address-space: claimShared: Ask to claim region [0x3f6690000 0x3f7034000]
12-17 16:21:58.342   175   175 I hwservicemanager: getTransport: Cannot find entry android.hardware.graphics.mapper@4.0::IMapper/default in either framework or device manifest.
12-17 16:21:58.342  9033  9063 I Gralloc4: mapper 4.x is not supported
12-17 16:21:58.343  9033  9063 D HostConnection: createUnique: call
12-17 16:21:58.344  9033  9063 D HostConnection: HostConnection::get() New Host Connection established 0xecc63e80, tid 9063
12-17 16:21:58.345  9033  9063 D goldfish-address-space: allocate: Ask for block of size 0x100
12-17 16:21:58.345  9033  9063 D goldfish-address-space: allocate: ioctl allocate returned offset 0x3f3ffe000 size 0x2000
12-17 16:21:58.351  9033  9063 D HostConnection: HostComposition ext ANDROID_EMU_CHECKSUM_HELPER_v1 ANDROID_EMU_native_sync_v2 ANDROID_EMU_native_sync_v3 ANDROID_EMU_native_sync_v4 ANDROID_EMU_dma_v1 ANDROID_EMU_direct_mem ANDROID_EMU_host_composition_v1 ANDROID_EMU_host_composition_v2 ANDROID_EMU_vulkan ANDROID_EMU_deferred_vulkan_commands ANDROID_EMU_vulkan_null_optional_strings ANDROID_EMU_vulkan_create_resources_with_requirements ANDROID_EMU_YUV_Cache ANDROID_EMU_vulkan_ignored_handles ANDROID_EMU_has_shared_slots_host_memory_allocator ANDROID_EMU_vulkan_free_memory_sync ANDROID_EMU_vulkan_shader_float16_int8 ANDROID_EMU_vulkan_async_queue_submit ANDROID_EMU_sync_buffer_data ANDROID_EMU_read_color_buffer_dma GL_OES_vertex_array_object GL_KHR_texture_compression_astc_ldr ANDROID_EMU_host_side_tracing ANDROID_EMU_gles_max_version_2
12-17 16:21:58.355   319   319 D goldfish-address-space: claimShared: Ask to claim region [0x3f7034000 0x3f79d8000]
12-17 16:21:58.357   319   319 D goldfish-address-space: claimShared: Ask to claim region [0x3f49a4000 0x3f5348000]
12-17 16:21:58.379   560   610 D ArtManagerInternalImpl: /data/misc/iorapd/com.example.lunchtray/1/androidx.fragment.app.testing.FragmentScenario$EmptyFragmentActivity/compiled_traces/compiled_trace.pb doesn't exist
12-17 16:21:58.381   560   605 D EventSequenceValidator: Transition from ACTIVITY_LAUNCHED to ACTIVITY_FINISHED
12-17 16:21:58.384   560   610 I ActivityTaskManager: Displayed com.example.lunchtray/androidx.fragment.app.testing.FragmentScenario$EmptyFragmentActivity: +601ms
12-17 16:21:58.939  9033  9056 D EventInjectionStrategy: Creating injection strategy with input manager.
12-17 16:21:58.940  9033  9056 W ample.lunchtra: Accessing hidden method Landroid/hardware/input/InputManager;->getInstance()Landroid/hardware/input/InputManager; (greylist, reflection, allowed)
12-17 16:21:58.940  9033  9056 W ample.lunchtra: Accessing hidden method Landroid/hardware/input/InputManager;->injectInputEvent(Landroid/view/InputEvent;I)Z (greylist, reflection, allowed)
12-17 16:21:58.940  9033  9056 W ample.lunchtra: Accessing hidden field Landroid/hardware/input/InputManager;->INJECT_INPUT_EVENT_MODE_WAIT_FOR_FINISH:I (greylist, reflection, allowed)
12-17 16:21:58.980  9033  9056 W ample.lunchtra: Accessing hidden method Landroid/view/ViewConfiguration;->getDoubleTapMinTime()I (greylist, reflection, allowed)
12-17 16:21:58.992  9033  9033 W ample.lunchtra: Accessing hidden method Landroid/os/MessageQueue;->next()Landroid/os/Message; (greylist, reflection, allowed)
12-17 16:21:58.992  9033  9033 W ample.lunchtra: Accessing hidden field Landroid/os/MessageQueue;->mMessages:Landroid/os/Message; (greylist, reflection, allowed)
12-17 16:21:58.993  9033  9033 W ample.lunchtra: Accessing hidden method Landroid/os/Message;->recycleUnchecked()V (greylist, reflection, allowed)
12-17 16:21:59.001  9033  9033 W ample.lunchtra: Accessing hidden method Landroid/view/WindowManagerGlobal;->getInstance()Landroid/view/WindowManagerGlobal; (greylist, reflection, allowed)
12-17 16:21:59.001  9033  9033 W ample.lunchtra: Accessing hidden field Landroid/view/WindowManagerGlobal;->mViews:Ljava/util/ArrayList; (greylist, reflection, allowed)
12-17 16:21:59.001  9033  9033 W ample.lunchtra: Accessing hidden field Landroid/view/WindowManagerGlobal;->mParams:Ljava/util/ArrayList; (greylist, reflection, allowed)
12-17 16:21:59.009  9033  9033 I ViewInteraction: Performing 'single click' action on view view.getId() is <2131230842/com.example.lunchtray:id/cancel_button>
12-17 16:21:59.064   560  1129 I system_server: oneway function results will be dropped but finished with status OK and parcel size 4
12-17 16:21:59.065   560  1129 I chatty  : uid=1000(system) Binder:560_8 identical 1 line
12-17 16:21:59.203   560  1129 I system_server: oneway function results will be dropped but finished with status OK and parcel size 4
12-17 16:21:59.308  9033  9056 E TestRunner: failed: navigate_to_start_order_from_checkout(com.example.lunchtray.NavigationTests)
12-17 16:21:59.308  9033  9056 E TestRunner: ----- begin exception -----
12-17 16:21:59.309  9033  9056 E TestRunner: java.lang.AssertionError: expected:<2131231205> but was:<2131231204>
12-17 16:21:59.309  9033  9056 E TestRunner: 	at org.junit.Assert.fail(Assert.java:88)
12-17 16:21:59.309  9033  9056 E TestRunner: 	at org.junit.Assert.failNotEquals(Assert.java:834)
12-17 16:21:59.309  9033  9056 E TestRunner: 	at org.junit.Assert.assertEquals(Assert.java:118)
12-17 16:21:59.309  9033  9056 E TestRunner: 	at org.junit.Assert.assertEquals(Assert.java:144)
12-17 16:21:59.309  9033  9056 E TestRunner: 	at com.example.lunchtray.NavigationTests.navigate_to_start_order_from_checkout(NavigationTests.kt:200)
12-17 16:21:59.309  9033  9056 E TestRunner: 	at java.lang.reflect.Method.invoke(Native Method)
12-17 16:21:59.309  9033  9056 E TestRunner: 	at org.junit.runners.model.FrameworkMethod$1.runReflectiveCall(FrameworkMethod.java:50)
12-17 16:21:59.309  9033  9056 E TestRunner: 	at org.junit.internal.runners.model.ReflectiveCallable.run(ReflectiveCallable.java:12)
12-17 16:21:59.309  9033  9056 E TestRunner: 	at org.junit.runners.model.FrameworkMethod.invokeExplosively(FrameworkMethod.java:47)
12-17 16:21:59.309  9033  9056 E TestRunner: 	at org.junit.internal.runners.statements.InvokeMethod.evaluate(InvokeMethod.java:17)
12-17 16:21:59.309  9033  9056 E TestRunner: 	at org.junit.runners.ParentRunner.runLeaf(ParentRunner.java:325)
12-17 16:21:59.309  9033  9056 E TestRunner: 	at org.junit.runners.BlockJUnit4ClassRunner.runChild(BlockJUnit4ClassRunner.java:78)
12-17 16:21:59.309  9033  9056 E TestRunner: 	at org.junit.runners.BlockJUnit4ClassRunner.runChild(BlockJUnit4ClassRunner.java:57)
12-17 16:21:59.309  9033  9056 E TestRunner: 	at org.junit.runners.ParentRunner$3.run(ParentRunner.java:290)
12-17 16:21:59.309  9033  9056 E TestRunner: 	at org.junit.runners.ParentRunner$1.schedule(ParentRunner.java:71)
12-17 16:21:59.309  9033  9056 E TestRunner: 	at org.junit.runners.ParentRunner.runChildren(ParentRunner.java:288)
12-17 16:21:59.309  9033  9056 E TestRunner: 	at org.junit.runners.ParentRunner.access$000(ParentRunner.java:58)
12-17 16:21:59.309  9033  9056 E TestRunner: 	at org.junit.runners.ParentRunner$2.evaluate(ParentRunner.java:268)
12-17 16:21:59.309  9033  9056 E TestRunner: 	at org.junit.runners.ParentRunner.run(ParentRunner.java:363)
12-17 16:21:59.309  9033  9056 E TestRunner: 	at androidx.test.ext.junit.runners.AndroidJUnit4.run(AndroidJUnit4.java:162)
12-17 16:21:59.309  9033  9056 E TestRunner: 	at org.junit.runners.Suite.runChild(Suite.java:128)
12-17 16:21:59.309  9033  9056 E TestRunner: 	at org.junit.runners.Suite.runChild(Suite.java:27)
12-17 16:21:59.309  9033  9056 E TestRunner: 	at org.junit.runners.ParentRunner$3.run(ParentRunner.java:290)
12-17 16:21:59.309  9033  9056 E TestRunner: 	at org.junit.runners.ParentRunner$1.schedule(ParentRunner.java:71)
12-17 16:21:59.309  9033  9056 E TestRunner: 	at org.junit.runners.ParentRunner.runChildren(ParentRunner.java:288)
12-17 16:21:59.309  9033  9056 E TestRunner: 	at org.junit.runners.ParentRunner.access$000(ParentRunner.java:58)
12-17 16:21:59.309  9033  9056 E TestRunner: 	at org.junit.runners.ParentRunner$2.evaluate(ParentRunner.java:268)
12-17 16:21:59.309  9033  9056 E TestRunner: 	at org.junit.runners.ParentRunner.run(ParentRunner.java:363)
12-17 16:21:59.309  9033  9056 E TestRunner: 	at org.junit.runner.JUnitCore.run(JUnitCore.java:137)
12-17 16:21:59.309  9033  9056 E TestRunner: 	at org.junit.runner.JUnitCore.run(JUnitCore.java:115)
12-17 16:21:59.309  9033  9056 E TestRunner: 	at androidx.test.internal.runner.TestExecutor.execute(TestExecutor.java:56)
12-17 16:21:59.309  9033  9056 E TestRunner: 	at androidx.test.runner.AndroidJUnitRunner.onStart(AndroidJUnitRunner.java:444)
12-17 16:21:59.309  9033  9056 E TestRunner: 	at android.app.Instrumentation$InstrumentationThread.run(Instrumentation.java:2205)
12-17 16:21:59.310  9033  9056 E TestRunner: ----- end exception -----
12-17 16:21:59.315  9033  9056 I TestRunner: finished: navigate_to_start_order_from_checkout(com.example.lunchtray.NavigationTests)
